// Jest Snapshot v1, https://goo.gl/fbAQLP

exports[`<App/> Display all FanCams 1`] = `
<div
  id="app"
>
  <img
    alt="Vue logo"
    src="./assets/logo.png"
  />
   
  <home-stub />
</div>
`;
